// Jest Snapshot v1, https://goo.gl/fbAQLP

exports[`renders as activated 1`] = `
<button
  class="activated"
/>
`;

exports[`renders as inactive 1`] = `
<button
  class=""
/>
`;
